// Jest Snapshot v1, https://goo.gl/fbAQLP

exports[`Component: App Layout should render correctly 1`] = `
<Providers
  store={
    Object {
      "dispatch": [Function],
      "getState": [Function],
      "replaceReducer": [Function],
      "subscribe": [Function],
      Symbol(observable): [Function],
    }
  }
>
  <MemoryRouter>
    <App>
      <h1>
        My cool af children
      </h1>
    </App>
  </MemoryRouter>
</Providers>
`;
