// Jest Snapshot v1, https://goo.gl/fbAQLP

exports[`choosePlanMSTP should return mapped prop values 1`] = `
Object {
  "billing": Object {},
  "bundles": Array [],
  "hasError": false,
  "initialValues": "change-plan-initial-values",
  "loading": false,
  "selectedPlan": "selected-plan-redux-form-value",
}
`;
