// Jest Snapshot v1, https://goo.gl/fbAQLP

exports[`CopyToClipboard Component renders with default props 1`] = `
<Tooltip
  content="Copy to Clipboard"
  dark={true}
>
  <Button
    name="copy-field-button"
    onClick={[Function]}
  >
    Copy
  </Button>
</Tooltip>
`;
