// Jest Snapshot v1, https://goo.gl/fbAQLP

exports[`Signals Health Score Page V3 renders correctly when receiving data 1`] = `
<SignalsPage
  breadcrumbAction={
    Object {
      "component": [Function],
      "content": "Back to Health Score Overview",
      "to": "/signals/health-score",
    }
  }
  facet="sending-domain"
  facetId="test.com"
  primaryArea={
    <PageLink
      as={[Function]}
      primary={true}
      to="/alerts/create"
    >
      Create Alert
    </PageLink>
  }
  title="Health Score"
>
  <Panel>
    <Panel.Section>
      <Grid>
        <Grid.Column
          xs={8}
        >
          <HealthScoreMetric
            score={0}
          />
        </Grid.Column>
        <Grid.Column
          xs={4}
        >
          <Connect(DateFilter)
            left={true}
          />
          <HealthScoreLegend />
        </Grid.Column>
      </Grid>
      <BarChart
        disableHover={false}
        gap={1}
        height={250}
        margin={
          Object {
            "bottom": 5,
            "left": 18,
            "right": 0,
            "top": 12,
          }
        }
        shouldHighlightSelected={true}
        timeSeries={Array []}
        tooltipContent={[Function]}
        width="99%"
        xAxisProps={
          Object {
            "tickFormatter": [Function],
            "ticks": undefined,
          }
        }
        xAxisRefLines={Array []}
        xKey="date"
        yAxisProps={
          Object {
            "tickFormatter": [Function],
            "ticks": Array [
              0,
              0.55,
              0.8,
              1,
            ],
          }
        }
        yAxisRefLines={
          Array [
            Object {
              "stroke": "#067852",
              "strokeWidth": 1,
              "y": 0.8,
            },
            Object {
              "stroke": "#d9363e",
              "strokeWidth": 1,
              "y": 0.55,
            },
          ]
        }
        yKey="health_score"
        yRange={
          Array [
            "auto",
            "auto",
          ]
        }
      />
    </Panel.Section>
  </Panel>
</SignalsPage>
`;
