// Jest Snapshot v1, https://goo.gl/fbAQLP

exports[`ApiKeysTab empty 1`] = `
<Fragment>
  <Panel.Section
    style={
      Object {
        "textAlign": "center",
      }
    }
  >
    <Stack>
      <p>
        This subaccount has no API Keys assigned to it. You can assign an existing one, or create a new one.
      </p>
      <div>
        <PageLink
          as={[Function]}
          color="orange"
          plain={true}
          to="/account/api-keys"
        >
          Manage API Keys
        </PageLink>
      </div>
    </Stack>
  </Panel.Section>
</Fragment>
`;

exports[`ApiKeysTab loading 1`] = `
<Loading
  minHeight="300px"
/>
`;

exports[`ApiKeysTab normal props 1`] = `
<Fragment>
  <TableCollection
    columns={
      Array [
        Object {
          "label": "Name",
          "sortKey": "label",
          "width": "40%",
        },
        Object {
          "label": "Key",
          "width": "20%",
        },
      ]
    }
    defaultSortColumn={null}
    defaultSortDirection="asc"
    filterBox={
      Object {
        "exampleModifiers": Array [
          "key",
          "name",
          "id",
        ],
        "itemToStringKeys": Array [
          "label",
          "short_key",
          "id",
        ],
        "keyMap": Object {
          "key": "short_key",
          "name": "label",
          "owner": "username",
        },
        "show": true,
      }
    }
    getRowData={[Function]}
    pagination={true}
    rows={
      Array [
        "an array of keys",
      ]
    }
  />
</Fragment>
`;

exports[`getRowData 1`] = `
Array [
  <PageLink
    to="/account/api-keys/edit/12313"
  >
    test
  </PageLink>,
  <code>
    cdwa
    ••••••••
  </code>,
]
`;
