// Jest Snapshot v1, https://goo.gl/fbAQLP

exports[`SendingDomainsTab getRowData 1`] = `
Array [
  <PageLink
    to="/account/sending-domains/edit/foo.com"
  >
    foo.com
  </PageLink>,
  <DomainStatusCell
    domain={
      Object {
        "domain": "foo.com",
      }
    }
  />,
]
`;

exports[`SendingDomainsTab should load domains in tab 1`] = `
<Fragment>
  <div>
    <Panel.Section>
      <p>
        Sending Domains assigned to this subaccount.
      </p>
    </Panel.Section>
    <Box
      as={[Function]}
    >
      <TableCollection
        columns={
          Array [
            Object {
              "label": "Domain",
              "sortKey": "domain",
              "width": "30%",
            },
            Object {
              "label": <StatusTooltipHeader />,
              "width": "40%",
            },
          ]
        }
        defaultSortColumn={null}
        defaultSortDirection="asc"
        getRowData={[Function]}
        pagination={true}
        rows={
          Array [
            Object {
              "domain": "foo.com",
            },
            Object {
              "domain": "bar.com",
            },
          ]
        }
      />
    </Box>
  </div>
</Fragment>
`;

exports[`SendingDomainsTab should show empty message when 0 domains exist 1`] = `
<Fragment>
  <Panel>
    <Panel.Section
      style={
        Object {
          "textAlign": "center",
        }
      }
    >
      <Stack>
        <p>
          This subaccount has no sending domains assigned to it. You can assign an existing one, or create a new one.
        </p>
        <div>
          <PageLink
            as={[Function]}
            to="/account/sending-domains"
            variant="secondary"
          >
            Manage Sending Domains
          </PageLink>
        </div>
      </Stack>
    </Panel.Section>
  </Panel>
</Fragment>
`;

exports[`SendingDomainsTab should show panel loading while loading domains 1`] = `
<Loading
  minHeight="300px"
/>
`;
