// Jest Snapshot v1, https://goo.gl/fbAQLP

exports[`WoWHeaderCell renders 1`] = `
<Tooltip
  content="Week Over Week Change"
  dark={true}
  id="wow-header-cell-1"
>
  WoW 
  <InfoOutline
    className="InfoIcon"
    size={15}
  />
</Tooltip>
`;
