// Jest Snapshot v1, https://goo.gl/fbAQLP

exports[`Page: Single Inbox Placement Test handles errors 1`] = `
<RedirectAndAlert
  alert={
    Object {
      "message": "You dun goofed",
      "type": "error",
    }
  }
  to="/inbox-placement"
/>
`;

exports[`Page: Single Inbox Placement Test renders page correctly with defaults 1`] = `
<Page
  breadcrumbAction={
    Object {
      "component": [Function],
      "content": "All Tests",
      "to": "/inbox-placement",
    }
  }
  title="Inbox Placement Test Results"
>
  <Box
    marginBottom="400"
  >
    <Tabs
      connectBelow={true}
      selected={0}
      tabs={
        Array [
          Object {
            "content": "Test Details",
            "key": "details",
          },
          Object {
            "content": "Test Content",
            "key": "content",
          },
        ]
      }
    />
  </Box>
  <TestDetails />
</Page>
`;
