// Jest Snapshot v1, https://goo.gl/fbAQLP

exports[`Component: TestContent renders page correctly with defaults 1`] = `
<Fragment>
  <Panel>
    <Panel.Section>
      <Grid>
        <Grid.Column
          md={6}
          sm={6}
          xs={12}
        >
          <Bold>
            Subject Line
          </Bold>
          <div>
            foo
          </div>
        </Grid.Column>
        <Grid.Column
          md={6}
          sm={6}
          xs={12}
        >
          <Bold>
            From
          </Bold>
          <div>
            foo@bar.com
          </div>
        </Grid.Column>
      </Grid>
    </Panel.Section>
    <Panel.Section>
      <Bold>
        Raw Message Size
      </Bold>
      <div>
        2.52KB
      </div>
    </Panel.Section>
  </Panel>
  <Panel>
    <Tabs
      color="blue"
      selected={0}
      tabs={
        Array [
          Object {
            "content": "Raw Message",
            "key": "raw_message",
          },
          Object {
            "content": "HTML",
            "key": "html",
          },
          Object {
            "content": "AMP HTML",
            "key": "amp",
          },
          Object {
            "content": "Text",
            "key": "text",
          },
          Object {
            "content": "Headers",
            "key": "headers",
          },
        ]
      }
    />
    <Panel.Section>
      <CodeBlock
        code="The Raw message"
      />
    </Panel.Section>
  </Panel>
</Fragment>
`;
