// Jest Snapshot v1, https://goo.gl/fbAQLP

exports[`Signals Engagement Recency Dashboard renders page 1`] = `
<SignalsPage
  title={
    <React.Fragment>
      Engagement Recency
    </React.Fragment>
  }
>
  <PageDescription>
    
  The share over time of your email that has been sent to recipients who most recently
  opened messages or clicked links during several defined time periods.

  </PageDescription>
  <Panel>
    <Panel.Section>
      <Grid>
        <Grid.Column
          md={4}
          xs={12}
        >
          <Connect(DateFilter)
            label="Date Range"
          />
        </Grid.Column>
      </Grid>
    </Panel.Section>
    <Panel.Section>
      <Grid>
        <Grid.Column
          md={4}
          xs={12}
        >
          <Connect(Connect(SubaccountFilter))
            label="Subaccount"
          />
        </Grid.Column>
        <Connect(FacetFilter)
          facets={
            Array [
              Object {
                "key": "campaign_id",
                "label": "Campaign",
              },
              Object {
                "key": "ip_pool",
                "label": "IP Pool",
              },
              Object {
                "key": "mb_provider",
                "label": "Mailbox Provider",
              },
              Object {
                "key": "sending_domain",
                "label": "Sending Domain",
              },
            ]
          }
          label="Breakdown"
        />
      </Grid>
    </Panel.Section>
  </Panel>
  <Connect(withRouter(Connect(EngagementRecencyOverview)))
    defaults={
      Object {
        "perPage": 25,
      }
    }
    hideTitle={true}
  />
</SignalsPage>
`;
