// Jest Snapshot v1, https://goo.gl/fbAQLP

exports[`Signals Health Score Dashboard renders page 1`] = `
<SignalsPage
  title="Health Score"
>
  <PageDescription>
    
  This is a predictive score that monitors your email health to identify problems before
  they negatively impact email delivery. This score is informed by message events,
  including bounces, spam trap hits, and engagement across our entire network.

  </PageDescription>
  <Panel
    title="Health Score Trends"
  >
    <Panel.Section>
      <Grid>
        <Grid.Column
          md={5}
          xs={12}
        >
          <Connect(DateFilter)
            label="Date Range"
          />
        </Grid.Column>
      </Grid>
    </Panel.Section>
  </Panel>
  <Grid>
    <Grid.Column
      lg={5}
      xl={4}
      xs={12}
    >
      <Connect(CurrentHealthGauge) />
    </Grid.Column>
    <Grid.Column
      lg={7}
      xl={8}
      xs={12}
    >
      <Connect(HealthScoreChart) />
    </Grid.Column>
  </Grid>
  <Connect(withRouter(Connect(HealthScoreOverview)))
    defaults={
      Object {
        "perPage": 25,
      }
    }
    header={
      <Grid>
        <Grid.Column
          md={5}
          xs={12}
        >
          <Connect(Connect(SubaccountFilter))
            label="Subaccount"
          />
        </Grid.Column>
        <Connect(FacetFilter)
          facets={
            Array [
              Object {
                "key": "campaign_id",
                "label": "Campaign",
              },
              Object {
                "key": "ip_pool",
                "label": "IP Pool",
              },
              Object {
                "key": "mb_provider",
                "label": "Mailbox Provider",
              },
              Object {
                "key": "sending_domain",
                "label": "Sending Domain",
              },
            ]
          }
        />
      </Grid>
    }
    hideTitle={true}
    subaccounts={
      Array [
        "sub1",
        "sub2",
      ]
    }
  />
</SignalsPage>
`;
