// Jest Snapshot v1, https://goo.gl/fbAQLP

exports[`Signals Spam Trap Dashboard Dashboard renders page 1`] = `
<SignalsPage
  title="Spam Trap Monitoring"
>
  <PageDescription>
    
  The share over time of your total email that has been sent to known spam traps. An
  excessive rate of spam trap hits is an indicator of poor list procurement and hygiene practices.

  </PageDescription>
  <Panel>
    <Panel.Section>
      <Grid>
        <Grid.Column
          md={4}
          xs={12}
        >
          <Connect(DateFilter)
            label="Date Range"
          />
        </Grid.Column>
      </Grid>
    </Panel.Section>
    <Panel.Section>
      <Grid>
        <Grid.Column
          md={4}
          xs={12}
        >
          <Connect(Connect(SubaccountFilter))
            label="Subaccount"
          />
        </Grid.Column>
        <Connect(FacetFilter)
          facets={
            Array [
              Object {
                "key": "campaign_id",
                "label": "Campaign",
              },
              Object {
                "key": "ip_pool",
                "label": "IP Pool",
              },
              Object {
                "key": "sending_domain",
                "label": "Sending Domain",
              },
            ]
          }
        />
      </Grid>
    </Panel.Section>
  </Panel>
  <Connect(withRouter(Connect(SpamTrapOverview)))
    defaults={
      Object {
        "perPage": 25,
      }
    }
    hideTitle={true}
  />
</SignalsPage>
`;
