// Jest Snapshot v1, https://goo.gl/fbAQLP

exports[`DraftModeActions renders draft actions 1`] = `
<div>
  <div
    class="AB_AG"
  >
    <div
      class=""
    >
      <button
        class="AB_AE"
        data-id="action-save-and-publish"
        title="Opens a dialog"
        type="button"
        variant="secondary"
      >
        <strong>
          Save and Publish
        </strong>
      </button>
    </div>
    <div>
      <span
        class="KQ_KY"
      >
        <button
          aria-controls="popover-action-list"
          aria-expanded="false"
          class="AB_AE"
          data-id="popover-actions-trigger"
          type="button"
          variant="secondary"
        >
          <svg
            aria-hidden="true"
            fill="currentColor"
            height="18"
            preserveAspectRatio="xMidYMid meet"
            style="vertical-align: middle;"
            viewBox="0 0 24 24"
            width="18"
          >
            <g>
              <path
                d="M7 10l5 5 5-5z"
              />
            </g>
          </svg>
          <span
            class="BO_BQ"
          >
            Open Menu
          </span>
        </button>
      </span>
    </div>
  </div>
</div>
`;
