// Jest Snapshot v1, https://goo.gl/fbAQLP

exports[`EventDetails Component should render with all props 1`] = `
<Panel
  title="Event Details"
>
  <Box
    borderBottom="400"
    paddingTop="500"
  />
  <Panel.Section>
    <LabelledValue
      key="key1"
      label={
        <Tooltip
          content="description for key1"
          dark={true}
        >
          key1
        </Tooltip>
      }
      value="val1"
    />
    <LabelledValue
      key="key2"
      label="key2"
      style={
        Object {
          "alignItems": "center",
        }
      }
    >
      <CopyField
        hideCopy={true}
        value="[\\"an\\",\\"arrray\\"]"
      />
    </LabelledValue>
    <LabelledValue
      key="type"
      label="type"
      value="bounce"
    />
  </Panel.Section>
  <Panel.Section>
    <LabelledValue
      label="Raw Json"
      style={
        Object {
          "alignItems": "center",
        }
      }
    >
      <CopyField
        hideCopy={false}
        value="{\\"key1\\":\\"val1\\",\\"key2\\":[\\"an\\",\\"arrray\\"],\\"type\\":\\"bounce\\"}"
      />
    </LabelledValue>
  </Panel.Section>
</Panel>
`;

exports[`EventDetails Component should render with no props 1`] = `
<Panel
  title="Event Details"
>
  <Box
    borderBottom="400"
    paddingTop="500"
  />
  <Panel.Section />
  <Panel.Section>
    <LabelledValue
      label="Raw Json"
      style={
        Object {
          "alignItems": "center",
        }
      }
    >
      <CopyField
        hideCopy={false}
        value="{}"
      />
    </LabelledValue>
  </Panel.Section>
</Panel>
`;
