// Jest Snapshot v1, https://goo.gl/fbAQLP

exports[`ListPage renders correctly 1`] = `
<Page
  empty={
    Object {
      "content": <p>
        Build, test, preview and send your transmissions.
      </p>,
      "image": [Function],
      "show": false,
      "title": "Manage your email templates",
    }
  }
  primaryAction={
    Object {
      "Component": [Function],
      "content": "Create Template",
      "to": "templates/create",
    }
  }
  title="Templates"
>
  <RecentActivity
    hasActionButtons={true}
    onToggleDeleteModal={[Function]}
    onToggleDuplicateModal={[Function]}
    templates={
      Array [
        Object {
          "id": "id1",
          "last_update_time": "2017-08-10T14:15:16+00:00",
          "name": "subaccount template",
          "published": true,
          "shared_with_subaccounts": false,
          "subaccount_id": 101,
        },
        Object {
          "id": "id2",
          "last_update_time": "2017-08-10T14:15:16+00:00",
          "name": "shared template",
          "published": false,
          "shared_with_subaccounts": true,
        },
        Object {
          "id": "id3",
          "last_update_time": "2017-08-10T14:15:16+00:00",
          "name": "master template",
          "published": false,
        },
      ]
    }
  />
  <ScreenReaderOnly>
    <h2>
      All Templates
    </h2>
  </ScreenReaderOnly>
  <TableCollection
    columns={
      Array [
        Object {
          "key": "list_name",
          "label": "Template Name",
          "sortKey": "list_name",
        },
        Object {
          "key": "status",
          "label": "Status",
          "sortKey": [Function],
        },
        Object {
          "key": "lastupdated",
          "label": "Last Updated",
          "sortKey": "last_update_time",
        },
        Object {
          "key": "actions",
          "width": 20,
        },
      ]
    }
    defaultSortColumn="last_update_time"
    defaultSortDirection="desc"
    filterBox={
      Object {
        "exampleModifiers": Array [
          "id",
          "name",
        ],
        "itemToStringKeys": Array [
          "name",
          "id",
          "subaccount_id",
        ],
        "show": true,
      }
    }
    getRowData={[Function]}
    pagination={true}
    rows={
      Array [
        Object {
          "id": "id1",
          "last_update_time": "2017-08-10T14:15:16+00:00",
          "name": "subaccount template",
          "published": true,
          "shared_with_subaccounts": false,
          "subaccount_id": 101,
        },
        Object {
          "id": "id2",
          "last_update_time": "2017-08-10T14:15:16+00:00",
          "name": "shared template",
          "published": false,
          "shared_with_subaccounts": true,
        },
        Object {
          "id": "id3",
          "last_update_time": "2017-08-10T14:15:16+00:00",
          "name": "master template",
          "published": false,
        },
      ]
    }
    saveCsv={false}
  />
  <DeleteTemplateModal
    isLoading={false}
    onClose={[Function]}
    open={false}
    successCallback={[Function]}
    template={null}
  />
  <DuplicateTemplateModal
    contentToDuplicate={null}
    isPublishedMode={null}
    onClose={[Function]}
    open={false}
    showAlert={[MockFunction]}
    successCallback={[Function]}
    template={null}
    testDataToDuplicate={null}
  />
</Page>
`;
