// Jest Snapshot v1, https://goo.gl/fbAQLP

exports[`Collection SortLabel Component should render correctly 1`] = `
<UnstyledLink
  anotherprop="anotherProp"
  className="SortLabel asc"
>
  <span>
    Table Header Label
  </span>
  <span>
    <div
      className="Up"
    >
      <ArrowDropUp />
    </div>
    <div
      className="Down"
    >
      <ArrowDropDown />
    </div>
  </span>
</UnstyledLink>
`;

exports[`Collection SortLabel Component should render correctly 2`] = `
<button
  anotherprop="anotherProp"
  className="SortLabel selected"
>
  <Text
    as="span"
    color="gray.800"
    fontWeight="600"
  >
    Table Header Label
  </Text>
  <Box>
    <div
      className="Up"
    >
      <ArrowDropUp
        size={22}
      />
    </div>
  </Box>
</button>
`;
