// Jest Snapshot v1, https://goo.gl/fbAQLP

exports[`EditAmpSection renders an editor 1`] = `
<Editor
  inlineErrors={
    Array [
      Object {
        "line": 1,
        "message": "Oh no!",
      },
    ]
  }
  mode="html"
  name="amp-html-content-editor"
  onChange={[Function]}
  readOnly={false}
  value="<html âš¡4email>"
/>
`;
