// Jest Snapshot v1, https://goo.gl/fbAQLP

exports[`Body renders a table body 1`] = `
<tbody>
  <Table.Row
    key="row-0"
  >
    <Table.Cell
      className="Cell DataCell"
      key="cell-id"
      style={
        Object {
          "textAlign": "left",
        }
      }
    >
      test-example
    </Table.Cell>
    <Table.Cell
      className="Cell DataCell"
      key="cell-value"
      style={
        Object {
          "textAlign": "left",
        }
      }
    >
      123
    </Table.Cell>
  </Table.Row>
</tbody>
`;

exports[`Body renders custom component 1`] = `
<tbody>
  <Table.Row
    key="row-0"
  >
    <Table.Cell
      className="Cell DataCell"
      key="cell-id"
      style={
        Object {
          "textAlign": "left",
        }
      }
    >
      test-example
    </Table.Cell>
    <Table.Cell
      className="Cell"
      key="cell-value"
      style={
        Object {
          "textAlign": "left",
        }
      }
    >
      <component
        id="test-example"
        value={123}
      />
    </Table.Cell>
  </Table.Row>
</tbody>
`;

exports[`Body renders empty message 1`] = `
<Billboard
  colSpan={2}
>
  <Callout
    title="No Data Available"
  />
</Billboard>
`;

exports[`Body renders error message 1`] = `
<Billboard
  colSpan={2}
>
  <Callout
    title="Unable to Load Data"
  >
    Oh no!
  </Callout>
</Billboard>
`;

exports[`Body renders loading 1`] = `
<Billboard
  colSpan={2}
>
  <Loading />
</Billboard>
`;

exports[`Body renders max of perPage rows 1`] = `
<tbody>
  <Table.Row
    key="row-0"
  >
    <Table.Cell
      className="Cell DataCell"
      key="cell-id"
      style={
        Object {
          "textAlign": "left",
        }
      }
    >
      test-example
    </Table.Cell>
    <Table.Cell
      className="Cell DataCell"
      key="cell-value"
      style={
        Object {
          "textAlign": "left",
        }
      }
    >
      123
    </Table.Cell>
  </Table.Row>
</tbody>
`;
